Importing i2c based on af3a3ab2966112c0d0a44df7eeb1e95fe32d4495
$ git clone -s -l -n -q . ../quilt-tmp
$ cd ../quilt-tmp
$ git reset --hard af3a3ab2966112c0d0a44df7eeb1e95fe32d4495
HEAD is now at af3a3ab Merge git://git.kernel.org/pub/scm/linux/kernel/git/steve/gfs2-3.0-fixes
$ git am ../quilt/i2c/i2c-dev-accept-RECV_LEN.patch
Applying: i2c-dev: Add support for I2C_M_RECV_LEN
$ git am ../quilt/i2c/i2c-split-I2C_M_NOSTART-support-out-of-I2C_FUNC_PROTOCOL_MANGLING.patch
Applying: i2c: Split I2C_M_NOSTART support out of I2C_FUNC_PROTOCOL_MANGLING
$ cd ../next
$ git fetch -f ../quilt-tmp master:quilt/i2c
From ../quilt-tmp
 + 85bb1a8...f7c1584 master     -> quilt/i2c  (forced update)
Importing jdelvare-hwmon based on 437538267b672f9320833907f1b5acbb2605f4be
Unchanged quilt series jdelvare-hwmon
Importing rr based on v3.4-rc6
$ cd ../quilt-tmp
$ git reset --hard d48b97b403d23f6df0b990cee652bdf9a52337a3
HEAD is now at d48b97b Linux 3.4-rc6
$ git am ../quilt/rr/virtio-spec-update.patch
Applying: virtio: update documentation to v0.9.4 of spec
/home/sfr/kernels/next/quilt-tmp/.git/rebase-apply/patch:1171: new blank line at EOF.
+
warning: 1 line adds whitespace errors.
$ git am ../quilt/rr/misc:9p_disconnect_channel_when_pci_device_is_removed.patch
Applying: 9p: disconnect channel when PCI device is removed
$ git am ../quilt/rr/virtio:balloon_drop_restore_common.patch
Applying: virtio: balloon: drop restore_common()
$ git am ../quilt/rr/virtio:balloon_let_host_know_of_updated_balloon_size_before_module_removal.patch
Applying: virtio: balloon: let host know of updated balloon size before module removal
$ git am ../quilt/rr/virtio:balloon_separate_out_common_code_between_remove_and_freeze_functions.patch
Applying: virtio: balloon: separate out common code between remove and freeze functions
$ git am ../quilt/rr/virtio:use_ida_to_allocate_index.patch
Applying: virtio: Use ida to allocate virtio index
$ git am ../quilt/rr/virtio:blk_fix_hot_unplug_race_in_remove_method.patch
Applying: virtio-blk: Fix hot-unplug race in remove method
$ git am ../quilt/rr/virtio:blk_drop_unused_request_tracking_list.patch
Applying: virtio_blk: Drop unused request tracking list
$ git am ../quilt/rr/virtio:console_tell_host_of_open_ports_after_resume_from_s3_s4.patch
Applying: virtio: console: tell host of open ports after resume from s3/s4
$ git am ../quilt/rr/misc:modpost_stop_grab_file_from_leaking_filedescriptors_if_fstat_fails.patch
Applying: modpost: Stop grab_file() from leaking filedescriptors if fstat() fails
$ git am ../quilt/rr/misc:modpost_use_proper_kernel_style_for_autogenerated_files.patch
Applying: modpost: use proper kernel style for autogenerated files
$ git am ../quilt/rr/lglock-simplify.patch
Applying: lglock: remove online variants of lock
$ git am ../quilt/rr/misc:cpumask_fix_lg_lock_br_lock-1.patch
Applying: brlocks/lglocks: API cleanups
$ git am ../quilt/rr/misc:cpumask_fix_lg_lock_br_lock-2.patch
Applying: brlocks/lglocks: turn into functions
$ cd ../next
$ git fetch -f ../quilt-tmp master:quilt/rr
From ../quilt-tmp
 + 2a22b63...763cfe8 master     -> quilt/rr  (forced update)
Importing device-mapper based on v3.4-rc5-67-gac001e7
$ cd ../quilt-tmp
$ git reset --hard ac001e76546523ec2ef05b2f7001d8fdc588d069
HEAD is now at ac001e7 Merge tag 'usb-3.4-rc6' of git://git.kernel.org/pub/scm/linux/kernel/git/gregkh/usb
$ git am ../quilt/device-mapper/dm-thin-reinstate-missing-mempool_free-in-cell_release_singleton.patch
Applying: Fix a significant memory leak inadvertently introduced during
$ git am ../quilt/device-mapper/dm-thin-correct-module-description.patch
Applying: Remove duplicate copy of "device-mapper" string (DM_NAME) from
$ git am ../quilt/device-mapper/dm-thin-fix-unprotected-use-of-prepared_discards-list.patch
Applying: Fix two places in commit 104655fd4dce ("dm thin: support discards") that
$ git am ../quilt/device-mapper/dm-mpath-check-if-scsi_dh-module-already-loaded-before-trying-to-load.patch
Applying: If the requested scsi_dh module is already loaded then skip
$ cd ../next
$ git fetch -f ../quilt-tmp master:quilt/device-mapper
From ../quilt-tmp
 + 27fd946...c82ad0c master     -> quilt/device-mapper  (forced update)
Importing i2c based on af3a3ab2966112c0d0a44df7eeb1e95fe32d4495
Unchanged quilt series i2c
Importing jdelvare-hwmon based on 437538267b672f9320833907f1b5acbb2605f4be
Unchanged quilt series jdelvare-hwmon
Importing rr based on v3.4-rc6
Unchanged quilt series rr
Importing device-mapper based on v3.4-rc6
$ git clone -s -l -n -q . ../quilt-tmp
$ cd ../quilt-tmp
$ git reset --hard d48b97b403d23f6df0b990cee652bdf9a52337a3
HEAD is now at d48b97b Linux 3.4-rc6
$ git am ../quilt/device-mapper/dm-thin-reinstate-missing-mempool_free-in-cell_release_singleton.patch
Applying: Fix a significant memory leak inadvertently introduced during
$ git am ../quilt/device-mapper/dm-thin-correct-module-description.patch
Applying: Remove duplicate copy of "device-mapper" string (DM_NAME) from
$ git am ../quilt/device-mapper/dm-thin-fix-unprotected-use-of-prepared_discards-list.patch
Applying: Fix two places in commit 104655fd4dce ("dm thin: support discards") that
$ git am ../quilt/device-mapper/dm-mpath-check-if-scsi_dh-module-already-loaded-before-trying-to-load.patch
Applying: If the requested scsi_dh module is already loaded then skip
$ git am ../quilt/device-mapper/dm-mpath-allow-ioctls-to-trigger-pg-init.patch
Applying: After the failure of a group of paths, any alternative paths that
$ cd ../next
$ git fetch -f ../quilt-tmp master:quilt/device-mapper
From ../quilt-tmp
 + c82ad0c...0f7a379 master     -> quilt/device-mapper  (forced update)
