Importing hexagon based on v3.2-rc2
Unchanged quilt series hexagon
Importing i2c based on f1cbd03f5eabb75ea8ace23b47d2209f10871c16
Unchanged quilt series i2c
Importing jdelvare-hwmon based on f1cbd03f5eabb75ea8ace23b47d2209f10871c16
Unchanged quilt series jdelvare-hwmon
Importing kernel-doc based on 3.3
$ git clone -s -l -n -q . ../quilt-tmp
$ cd ../quilt-tmp
$ git reset --hard c16fa4f2ad19908a47c63d8fa436a1178438c7e7
HEAD is now at c16fa4f Linux 3.3
$ git am ../quilt/kernel-doc/docum-remove-mach-from-dontdiff.patch
Applying: Documentation: remove mach from dontdiff file
$ git am ../quilt/kernel-doc/docum-kconfig-diffconfig.patch
Patch format detection failed.
$ git am ../quilt/kernel-doc/docum-sysrq-crutcher-missing.patch
Applying: sysrq.txt: Crutcher Dunnavant is unavailable
$ git am ../quilt/kernel-doc/docum-codestyle-inline-asm.patch
Applying: Documentation/CodingStyle: Add guidelines for inline assembly
$ git am ../quilt/kernel-doc/docum-input-clarify-mousedev.patch
Applying: Clarify that the 'cat' command does not include the (c, 13, 32)
$ cd ../next
$ git fetch -f ../quilt-tmp master:quilt/kernel-doc
From ../quilt-tmp
   c16fa4f..4441c30  master     -> quilt/kernel-doc
Importing rr based on v3.3-rc5-86-g5ffca28
Unchanged quilt series rr
Importing device-mapper based on v3.3
$ cd ../quilt-tmp
$ git reset --hard c16fa4f2ad19908a47c63d8fa436a1178438c7e7
HEAD is now at c16fa4f Linux 3.3
$ git am ../quilt/device-mapper/dm-exception_store-fix-init-error-path.patch
Applying: Call the correct exit function on failure in dm_exception_store_init.
$ git am ../quilt/device-mapper/dm-crypt-fix-mempool-deadlock.patch
Applying: This patch fixes a possible deadlock in dm-crypt's mempool use.
$ git am ../quilt/device-mapper/dm-crypt-add-missing-error-handling.patch
Applying: Always set io->error to -EIO when an error is detected.
$ git am ../quilt/device-mapper/dm-thin-fix-stacked-bi_next-usage.patch
Applying: Avoid using the bi_next field for the holder of a cell when deferring
$ git am ../quilt/device-mapper/dm-crypt-remove-unused-kmap_atomic-arg.patch
Applying: The second argument of k[un]map_atomic() is unused.
$ git am ../quilt/device-mapper/dm-document-sysfs-entries.patch
Applying: Describe attributes provided by device-mapper in /sys/block.
$ git am ../quilt/device-mapper/dm-thin-correct-comments.patch
Applying: Remove documentation for unimplemented 'trim' message.
$ git am ../quilt/device-mapper/dm-table-simplify-call-to-free_devices.patch
Applying: free_devices already uses list_for_each(), so we don't need to
$ git am ../quilt/device-mapper/dm-clear-bi_end_io-on-remapping-failure.patch
Applying: As a precaution, set bi_end_io to NULL when failing to remap.
$ git am ../quilt/device-mapper/dm-mpath-detect-invalid-map_context.patch
Applying: The map_context pointer should always be set. However, we
$ git am ../quilt/device-mapper/dm-persistent-data-remove-redundant-value_size-arg-from-value_ptr.patch
Applying: Now that the value_size is held within every node of the btrees we can
$ git am ../quilt/device-mapper/dm-bufio-remove-version-header.patch
Applying: As 'make versioncheck' points out, drivers/md/dm-bufio.c has no need
$ git am ../quilt/device-mapper/dm-thin-metadata-pass-correct-space-map-to-dm_sm_root_size.patch
Applying: Fix a harmless typo.
$ git am ../quilt/device-mapper/dm-raid-handle-failed-devices-during-start-up.patch
Applying: The dm-raid code currently fails to create a RAID array if any of the
$ git am ../quilt/device-mapper/dm-reject-trailing-characters-in-sccanf-input.patch
Applying: Device mapper uses sscanf to convert arguments to numbers. The problem is that
$ git am ../quilt/device-mapper/dm-thin-commit-outstanding-data-every-second.patch
Applying: Commit unwritten data every second to prevent too much building up.
$ git am ../quilt/device-mapper/dm-thin-relax-hard-limit-on-the-maximum-size-of-a-metadata-device.patch
Applying: The thin metadata format can only make use of a device that is <=
$ git am ../quilt/device-mapper/dm-bufio-prefetch.patch
Applying: This patch introduces a new function dm_bufio_prefetch. It prefetches
$ cd ../next
$ git fetch -f ../quilt-tmp master:quilt/device-mapper
From ../quilt-tmp
 + 438eb7e...4e2e532 master     -> quilt/device-mapper  (forced update)
Importing hexagon based on v3.2-rc2
Unchanged quilt series hexagon
Importing i2c based on f1cbd03f5eabb75ea8ace23b47d2209f10871c16
Unchanged quilt series i2c
Importing jdelvare-hwmon based on f1cbd03f5eabb75ea8ace23b47d2209f10871c16
Unchanged quilt series jdelvare-hwmon
Importing kernel-doc based on 3.3
Unchanged quilt series kernel-doc
Importing rr based on v3.3-rc5-86-g5ffca28
Unchanged quilt series rr
Importing device-mapper based on v3.3
$ git clone -s -l -n -q . ../quilt-tmp
$ cd ../quilt-tmp
$ git reset --hard c16fa4f2ad19908a47c63d8fa436a1178438c7e7
HEAD is now at c16fa4f Linux 3.3
$ git am ../quilt/device-mapper/dm-exception_store-fix-init-error-path.patch
Applying: Call the correct exit function on failure in dm_exception_store_init.
$ git am ../quilt/device-mapper/dm-crypt-fix-mempool-deadlock.patch
Applying: This patch fixes a possible deadlock in dm-crypt's mempool use.
$ git am ../quilt/device-mapper/dm-crypt-add-missing-error-handling.patch
Applying: Always set io->error to -EIO when an error is detected.
$ git am ../quilt/device-mapper/dm-thin-fix-stacked-bi_next-usage.patch
Applying: Avoid using the bi_next field for the holder of a cell when deferring
$ git am ../quilt/device-mapper/dm-persistent-data-fix-btree-rebalancing-after-remove.patch
Applying: When we remove an entry from a node we sometimes rebalance with it's
$ git am ../quilt/device-mapper/dm-crypt-remove-unused-kmap_atomic-arg.patch
Applying: The second argument of k[un]map_atomic() is unused.
$ git am ../quilt/device-mapper/dm-document-sysfs-entries.patch
Applying: Describe attributes provided by device-mapper in /sys/block.
$ git am ../quilt/device-mapper/dm-thin-correct-comments.patch
Applying: Remove documentation for unimplemented 'trim' message.
$ git am ../quilt/device-mapper/dm-table-simplify-call-to-free_devices.patch
Applying: free_devices already uses list_for_each(), so we don't need to
$ git am ../quilt/device-mapper/dm-clear-bi_end_io-on-remapping-failure.patch
Applying: As a precaution, set bi_end_io to NULL when failing to remap.
$ git am ../quilt/device-mapper/dm-mpath-detect-invalid-map_context.patch
Applying: The map_context pointer should always be set. However, we
$ git am ../quilt/device-mapper/dm-persistent-data-remove-redundant-value_size-arg-from-value_ptr.patch
Applying: Now that the value_size is held within every node of the btrees we can
$ git am ../quilt/device-mapper/dm-bufio-remove-version-header.patch
Applying: As 'make versioncheck' points out, drivers/md/dm-bufio.c has no need
$ git am ../quilt/device-mapper/dm-thin-metadata-pass-correct-space-map-to-dm_sm_root_size.patch
Applying: Fix a harmless typo.
$ git am ../quilt/device-mapper/dm-raid-handle-failed-devices-during-start-up.patch
Applying: The dm-raid code currently fails to create a RAID array if any of the
$ git am ../quilt/device-mapper/dm-reject-trailing-characters-in-sccanf-input.patch
Applying: Device mapper uses sscanf to convert arguments to numbers. The problem is that
$ git am ../quilt/device-mapper/dm-thin-commit-outstanding-data-every-second.patch
Applying: Commit unwritten data every second to prevent too much building up.
$ git am ../quilt/device-mapper/dm-persistent-data-remove-space-map-ref_count-entries-if-redundant.patch
Applying: Save space by removing entries from the space map ref_count tree if
$ git am ../quilt/device-mapper/dm-thin-relax-hard-limit-on-the-maximum-size-of-a-metadata-device.patch
Applying: The thin metadata format can only make use of a device that is <=
$ git am ../quilt/device-mapper/dm-thin-support-read-only-external-snapshot-origins.patch
Applying: Support the use of an external _read only_ device as an origin for a thin
$ git am ../quilt/device-mapper/dm-thin-use-dm_target_offset.patch
Applying: Use dm_target_offset wrapper instead of referencing the awkward ti->begin
$ git am ../quilt/device-mapper/dm-bufio-prefetch.patch
Applying: This patch introduces a new function dm_bufio_prefetch. It prefetches
$ cd ../next
$ git fetch -f ../quilt-tmp master:quilt/device-mapper
From ../quilt-tmp
 + 4e2e532...a35f363 master     -> quilt/device-mapper  (forced update)
