Importing i2c based on 3.5-rc7
$ git clone -s -l -n -q . ../quilt-tmp
$ cd ../quilt-tmp
$ git reset --hard 84a1caf1453c3d44050bd22db958af4a7f99315c
HEAD is now at 84a1caf Linux 3.5-rc7
$ git am ../quilt/i2c/i2c-update-Guenter-Roeck-address.patch
Applying: i2c: Update Guenter's Roeck e-mail address
$ git am ../quilt/i2c/i2c-use-module_pci_driver.patch
Applying: i2c/busses: Use module_pci_driver
$ git am ../quilt/i2c/i2c-piix4-01-eliminate-piix4_smba-global-variable.patch
Applying: i2c-piix4: Eliminate piix4_smba global variable
$ git am ../quilt/i2c/i2c-piix4-02-separate-registration-and-probing-code.patch
Applying: i2c-piix4: Separate registration and probing code
$ git am ../quilt/i2c/i2c-piix4-03-support-amd-auxiliary-smbus-controller.patch
Applying: i2c-piix4: Support AMD auxiliary SMBus controller
$ git am ../quilt/i2c/i2c-writing-clients-mention-module_i2c_driver.patch
Applying: i2c/writing-clients: Mention module_i2c_driver()
$ git am ../quilt/i2c/i2c-smbus-use-module_i2c_driver.patch
Applying: i2c-smbus: Use module_i2c_driver()
$ git am ../quilt/i2c/i2c-i801-01-refactor-use-of-last_byte-in-i801_block_transaction_byte_by_byte.patch
Applying: i2c-i801: Refactor use of LAST_BYTE in i801_block_transaction_byte_by_byte
$ git am ../quilt/i2c/i2c-i801-02-clear-only-status-bits-in-hst_sts.patch
Applying: i2c-i801: Clear only status bits in HST_STS
$ git am ../quilt/i2c/i2c-i801-03-check-and-return-errors-during-byte-by-byte-transfers.patch
Applying: i2c-i801: Check and return errors during byte-by-byte transfers
$ git am ../quilt/i2c/i2c-i801-04-rename-some-smbhstcnt-bit-constants.patch
Applying: i2c-i801: Rename some SMBHSTCNT bit constants
$ git am ../quilt/i2c/i2c-i801-05-drop-enable_int9.patch
Applying: i2c-i801: Drop ENABLE_INT9
$ git am ../quilt/i2c/i2c-i801-06-consolidate-polling.patch
Applying: i2c-i801: Consolidate polling
$ git am ../quilt/i2c/i2c-i801-07-enable-irq-for-smbus-transactions.patch
Applying: i2c-i801: Enable IRQ for SMBus transactions
$ git am ../quilt/i2c/i2c-i801-08-enable-irq-on-ICH5-to-ICH10.patch
Applying: i2c-i801: Enable interrupts on ICH5/7/8/9/10
$ git am ../quilt/i2c/i2c-i801-09-enable-irq-for-byte_by_byte-transactions.patch
Applying: i2c-i801: Enable IRQ for byte_by_byte transactions
$ git am ../quilt/i2c/i2c-tiny-usb-add-support-for-Robofuzz-OSIF.patch
Applying: i2c-tiny-usb: Add support for the Robofuzz OSIF USB/I2C converter
$ cd ../next
$ git fetch -f ../quilt-tmp master:quilt/i2c
From ../quilt-tmp
 + 101be40...dde37b4 master     -> quilt/i2c  (forced update)
Importing jdelvare-hwmon based on 2437fccfbfc83bcb868ccc7fdfe2b5310bf07835
Unchanged quilt series jdelvare-hwmon
Importing rr based on v3.5-rc3-93-g02edf6a
$ cd ../quilt-tmp
$ git reset --hard 02edf6abe01610a5fb379df442de3c837ad99467
HEAD is now at 02edf6a Merge git://git.kernel.org/pub/scm/linux/kernel/git/mchehab/linux-edac
$ git am ../quilt/rr/virtio:balloon_fix_add_get_api_use.patch
Applying: virtio-balloon: fix add/get API use
$ git am ../quilt/rr/virtio:ids_fix_comment_for_rng.patch
Applying: virtio ids: fix comment for virtio-rng
$ git am ../quilt/rr/virtio:rng_allow_tasks_to_be_killed_that_are_waiting_for_rng_input.patch
Applying: virtio: rng: allow tasks to be killed that are waiting for rng input
$ git am ../quilt/rr/virtio:rng_don_t_wait_on_host_when_module_is_going_away.patch
Applying: virtio: rng: don't wait on host when module is going away
$ git am ../quilt/rr/virtio:rng_split_out_common_code_in_probe_remove_for_s3_s4_ops.patch
Applying: virtio: rng: split out common code in probe / remove for s3/s4 ops
$ git am ../quilt/rr/virtio:rng_s3_s4_support.patch
Applying: virtio: rng: s3/s4 support
$ git am ../quilt/rr/virtio:blk_call_del_gendisk_before_disable_guest_kick.patch
Applying: virtio-blk: Call del_gendisk() before disable guest kick
$ git am ../quilt/rr/virtio:blk_reset_device_after_blk_cleanup_queue.patch
Applying: virtio-blk: Reset device after blk_cleanup_queue()
$ git am ../quilt/rr/virtio:blk_use_block_layer_provided_spinlock.patch
Applying: virtio-blk: Use block layer provided spinlock
$ git am ../quilt/rr/misc:cpumask_add_a_few_comments_of_cpumask_functions.patch
Applying: cpumask: add a few comments of cpumask functions
$ git am ../quilt/rr/misc:init_add_comments_to_keep_initcall_names_in_sync_with_initcall_levels.patch
Applying: init: add comments to keep initcall-names in sync with initcall levels
$ git am ../quilt/rr/module:taint_kernel_when_lve_is_loaded.patch
Applying: Taint kernel when lve module is loaded
$ git am ../quilt/rr/virtio:blk_allow_toggling_host_cache_between_writeback_and_writethrough.patch
Applying: virtio-blk: allow toggling host cache between writeback and writethrough
$ git am ../quilt/rr/misc:cpumask_add_a_few_comments_of_cpumask_functions-fix.patch
Applying: cpumask: fix kernel-doc incompatible comments
$ cd ../next
$ git fetch -f ../quilt-tmp master:quilt/rr
From ../quilt-tmp
 + 3487cc0...94a2025 master     -> quilt/rr  (forced update)
Importing device-mapper based on v3.5-rc6
Unchanged quilt series device-mapper
